Archive member included because of file (symbol)

/usr/local/arm-4.8.3/bin/../lib/gcc/arm-none-eabi/4.8.3/../../../../arm-none-eabi/lib/armv7e-m/fpu/libc.a(lib_a-aeabi_atexit.o)
                              build/rings/rings.o (__aeabi_atexit)
/usr/local/arm-4.8.3/bin/../lib/gcc/arm-none-eabi/4.8.3/../../../../arm-none-eabi/lib/armv7e-m/fpu/libc.a(lib_a-cxa_atexit.o)
                              /usr/local/arm-4.8.3/bin/../lib/gcc/arm-none-eabi/4.8.3/../../../../arm-none-eabi/lib/armv7e-m/fpu/libc.a(lib_a-aeabi_atexit.o) (__cxa_atexit)
/usr/local/arm-4.8.3/bin/../lib/gcc/arm-none-eabi/4.8.3/../../../../arm-none-eabi/lib/armv7e-m/fpu/libc.a(lib_a-exit.o)
                              /usr/local/arm-4.8.3/bin/../lib/gcc/arm-none-eabi/4.8.3/../../../../arm-none-eabi/lib/armv7e-m/fpu/crt0.o (exit)
/usr/local/arm-4.8.3/bin/../lib/gcc/arm-none-eabi/4.8.3/../../../../arm-none-eabi/lib/armv7e-m/fpu/libc.a(lib_a-impure.o)
                              /usr/local/arm-4.8.3/bin/../lib/gcc/arm-none-eabi/4.8.3/../../../../arm-none-eabi/lib/armv7e-m/fpu/libc.a(lib_a-exit.o) (_global_impure_ptr)
/usr/local/arm-4.8.3/bin/../lib/gcc/arm-none-eabi/4.8.3/../../../../arm-none-eabi/lib/armv7e-m/fpu/libc.a(lib_a-init.o)
                              /usr/local/arm-4.8.3/bin/../lib/gcc/arm-none-eabi/4.8.3/../../../../arm-none-eabi/lib/armv7e-m/fpu/crt0.o (__libc_init_array)
/usr/local/arm-4.8.3/bin/../lib/gcc/arm-none-eabi/4.8.3/../../../../arm-none-eabi/lib/armv7e-m/fpu/libc.a(lib_a-memcpy.o)
                              build/rings/part.o (memcpy)
/usr/local/arm-4.8.3/bin/../lib/gcc/arm-none-eabi/4.8.3/../../../../arm-none-eabi/lib/armv7e-m/fpu/libc.a(lib_a-memmove.o)
                              build/rings/part.o (memmove)
/usr/local/arm-4.8.3/bin/../lib/gcc/arm-none-eabi/4.8.3/../../../../arm-none-eabi/lib/armv7e-m/fpu/libc.a(lib_a-memset.o)
                              /usr/local/arm-4.8.3/bin/../lib/gcc/arm-none-eabi/4.8.3/../../../../arm-none-eabi/lib/armv7e-m/fpu/crt0.o (memset)
/usr/local/arm-4.8.3/bin/../lib/gcc/arm-none-eabi/4.8.3/../../../../arm-none-eabi/lib/armv7e-m/fpu/libc.a(lib_a-__atexit.o)
                              /usr/local/arm-4.8.3/bin/../lib/gcc/arm-none-eabi/4.8.3/../../../../arm-none-eabi/lib/armv7e-m/fpu/libc.a(lib_a-cxa_atexit.o) (__register_exitproc)
/usr/local/arm-4.8.3/bin/../lib/gcc/arm-none-eabi/4.8.3/../../../../arm-none-eabi/lib/armv7e-m/fpu/libc.a(lib_a-__call_atexit.o)
                              /usr/local/arm-4.8.3/bin/../lib/gcc/arm-none-eabi/4.8.3/../../../../arm-none-eabi/lib/armv7e-m/fpu/libc.a(lib_a-exit.o) (__call_exitprocs)
/usr/local/arm-4.8.3/bin/../lib/gcc/arm-none-eabi/4.8.3/../../../../arm-none-eabi/lib/armv7e-m/fpu/libc.a(lib_a-atexit.o)
                              /usr/local/arm-4.8.3/bin/../lib/gcc/arm-none-eabi/4.8.3/../../../../arm-none-eabi/lib/armv7e-m/fpu/libc.a(lib_a-__call_atexit.o) (atexit)
/usr/local/arm-4.8.3/bin/../lib/gcc/arm-none-eabi/4.8.3/../../../../arm-none-eabi/lib/armv7e-m/fpu/libc.a(lib_a-fini.o)
                              /usr/local/arm-4.8.3/bin/../lib/gcc/arm-none-eabi/4.8.3/../../../../arm-none-eabi/lib/armv7e-m/fpu/libc.a(lib_a-__call_atexit.o) (__libc_fini_array)
/usr/local/arm-4.8.3/bin/../lib/gcc/arm-none-eabi/4.8.3/../../../../arm-none-eabi/lib/armv7e-m/fpu/libm.a(lib_a-wf_pow.o)
                              build/rings/fm_voice.o (powf)
/usr/local/arm-4.8.3/bin/../lib/gcc/arm-none-eabi/4.8.3/../../../../arm-none-eabi/lib/armv7e-m/fpu/libm.a(lib_a-ef_pow.o)
                              /usr/local/arm-4.8.3/bin/../lib/gcc/arm-none-eabi/4.8.3/../../../../arm-none-eabi/lib/armv7e-m/fpu/libm.a(lib_a-wf_pow.o) (__ieee754_powf)
/usr/local/arm-4.8.3/bin/../lib/gcc/arm-none-eabi/4.8.3/../../../../arm-none-eabi/lib/armv7e-m/fpu/libm.a(lib_a-ef_sqrt.o)
                              /usr/local/arm-4.8.3/bin/../lib/gcc/arm-none-eabi/4.8.3/../../../../arm-none-eabi/lib/armv7e-m/fpu/libm.a(lib_a-ef_pow.o) (__ieee754_sqrtf)
/usr/local/arm-4.8.3/bin/../lib/gcc/arm-none-eabi/4.8.3/../../../../arm-none-eabi/lib/armv7e-m/fpu/libm.a(lib_a-s_lib_ver.o)
                              /usr/local/arm-4.8.3/bin/../lib/gcc/arm-none-eabi/4.8.3/../../../../arm-none-eabi/lib/armv7e-m/fpu/libm.a(lib_a-wf_pow.o) (__fdlib_version)
/usr/local/arm-4.8.3/bin/../lib/gcc/arm-none-eabi/4.8.3/../../../../arm-none-eabi/lib/armv7e-m/fpu/libm.a(lib_a-s_matherr.o)
                              /usr/local/arm-4.8.3/bin/../lib/gcc/arm-none-eabi/4.8.3/../../../../arm-none-eabi/lib/armv7e-m/fpu/libm.a(lib_a-wf_pow.o) (matherr)
/usr/local/arm-4.8.3/bin/../lib/gcc/arm-none-eabi/4.8.3/../../../../arm-none-eabi/lib/armv7e-m/fpu/libm.a(lib_a-s_rint.o)
                              /usr/local/arm-4.8.3/bin/../lib/gcc/arm-none-eabi/4.8.3/../../../../arm-none-eabi/lib/armv7e-m/fpu/libm.a(lib_a-wf_pow.o) (rint)
/usr/local/arm-4.8.3/bin/../lib/gcc/arm-none-eabi/4.8.3/../../../../arm-none-eabi/lib/armv7e-m/fpu/libm.a(lib_a-sf_fabs.o)
[...]
Memory Configuration

Name             Origin             Length             Attributes
RAM              0x20000000         0x00020000         xrw
CCMRAM           0x10000000         0x00010000         xrw
FLASH            0x08008000         0x000f8000         xr
*default*        0x00000000         0xffffffff

Linker script and memory map

LOAD /usr/local/arm-4.8.3/bin/../lib/gcc/arm-none-eabi/4.8.3/armv7e-m/fpu/crti.o
LOAD /usr/local/arm-4.8.3/bin/../lib/gcc/arm-none-eabi/4.8.3/armv7e-m/fpu/crtbegin.o
LOAD /usr/local/arm-4.8.3/bin/../lib/gcc/arm-none-eabi/4.8.3/../../../../arm-none-eabi/lib/armv7e-m/fpu/crt0.o
LOAD build/rings/ui.o
LOAD build/rings/rings.o
LOAD build/rings/resources.o
LOAD build/rings/cv_scaler.o
LOAD build/rings/settings.o
LOAD build/rings/debug_port.o
LOAD build/rings/trigger_input.o
LOAD build/rings/system.o
LOAD build/rings/leds.o
LOAD build/rings/switches.o
LOAD build/rings/adc.o
LOAD build/rings/codec.o
LOAD build/rings/resonator.o
LOAD build/rings/part.o
LOAD build/rings/string.o
LOAD build/rings/fm_voice.o
LOAD build/rings/string_synth_part.o
LOAD build/rings/atan.o
LOAD build/rings/units.o
LOAD build/rings/random.o
LOAD build/rings/bootloader_utils.o
LOAD build/rings/system_clock.o
LOAD build/rings/core_cm3.o
LOAD build/rings/system_stm32f4xx.o
LOAD build/rings/stm32f4xx_sai.o
LOAD build/rings/stm32f4xx_dcmi.o
LOAD build/rings/stm32f4xx_qspi.o
LOAD build/rings/stm32f4xx_spdifrx.o
LOAD build/rings/stm32f4xx_dac.o
LOAD build/rings/stm32f4xx_flash_ramfunc.o
LOAD build/rings/stm32f4xx_hash_sha1.o
LOAD build/rings/stm32f4xx_iwdg.o
LOAD build/rings/stm32f4xx_flash.o
LOAD build/rings/stm32f4xx_hash.o
LOAD build/rings/misc.o
LOAD build/rings/stm32f4xx_sdio.o
LOAD build/rings/stm32f4xx_dma.o
LOAD build/rings/stm32f4xx_cryp_des.o
LOAD build/rings/stm32f4xx_cryp_tdes.o
LOAD build/rings/stm32f4xx_hash_md5.o
LOAD build/rings/stm32f4xx_cec.o
LOAD build/rings/stm32f4xx_can.o
LOAD build/rings/stm32f4xx_rng.o
LOAD build/rings/stm32f4xx_wwdg.o
LOAD build/rings/stm32f4xx_dma2d.o
LOAD build/rings/stm32f4xx_lptim.o
LOAD build/rings/stm32f4xx_spi.o
LOAD build/rings/stm32f4xx_fmpi2c.o
LOAD build/rings/stm32f4xx_exti.o
LOAD build/rings/stm32f4xx_fsmc.o
LOAD build/rings/stm32f4xx_rtc.o
LOAD build/rings/stm32f4xx_pwr.o
LOAD build/rings/stm32f4xx_i2c.o
LOAD build/rings/stm32f4xx_gpio.o
LOAD build/rings/stm32f4xx_fmc.o
LOAD build/rings/stm32f4xx_rcc.o
LOAD build/rings/stm32f4xx_ltdc.o
LOAD build/rings/stm32f4xx_syscfg.o
LOAD build/rings/stm32f4xx_crc.o
LOAD build/rings/stm32f4xx_usart.o
LOAD build/rings/stm32f4xx_dsi.o
LOAD build/rings/stm32f4xx_cryp_aes.o
LOAD build/rings/stm32f4xx_cryp.o
LOAD build/rings/stm32f4xx_dbgmcu.o
LOAD build/rings/stm32f4xx_tim.o
LOAD build/rings/stm32f4xx_adc.o
LOAD build/rings/startup_stm32f4xx.o
START GROUP
LOAD /usr/local/arm-4.8.3/bin/../lib/gcc/arm-none-eabi/4.8.3/armv7e-m/fpu/libgcc.a
LOAD /usr/local/arm-4.8.3/bin/../lib/gcc/arm-none-eabi/4.8.3/../../../../arm-none-eabi/lib/armv7e-m/fpu/libc.a
END GROUP
LOAD /usr/local/arm-4.8.3/bin/../lib/gcc/arm-none-eabi/4.8.3/armv7e-m/fpu/crtend.o
LOAD /usr/local/arm-4.8.3/bin/../lib/gcc/arm-none-eabi/4.8.3/armv7e-m/fpu/crtn.o
                0x20020000                _estack = 0x20020000
                0x00000000                _Min_Heap_Size = 0x0
                0x00000400                _Min_Stack_Size = 0x400

.isr_vector     0x08008000      0x190
                0x08008000                . = ALIGN (0x10)
 *(.isr_vector)
 .isr_vector    0x08008000      0x188 build/rings/startup_stm32f4xx.o
                0x08008000                g_pfnVectors
                0x08008190                . = ALIGN (0x10)
 *fill*         0x08008188        0x8 

.flashtext      0x08008190        0x0
                0x08008190                . = ALIGN (0x10)
 *(.flashtext)
                0x08008190                . = ALIGN (0x10)

.text           0x08008190    0x15510
                0x08008190                . = ALIGN (0x10)
 *(.text)
 .text          0x08008190      0x134 /usr/local/arm-4.8.3/bin/../lib/gcc/arm-none-eabi/4.8.3/../../../../arm-none-eabi/lib/armv7e-m/fpu/libc.a(lib_a-memcpy.o)
                0x08008190                memcpy
 .text          0x080082c4      0x370 /usr/local/arm-4.8.3/bin/../lib/gcc/arm-none-eabi/4.8.3/armv7e-m/fpu/libgcc.a(_arm_addsubdf3.o)
                0x080082c4                __aeabi_drsub
                0x080082cc                __aeabi_dsub
                0x080082cc                __subdf3
                0x080082d0                __adddf3
                0x080082d0                __aeabi_dadd
                0x08008548                __aeabi_ui2d
                0x08008548                __floatunsidf
                0x08008568                __floatsidf
                0x08008568                __aeabi_i2d
                0x0800858c                __extendsfdf2
                0x0800858c                __aeabi_f2d
                0x080085c8                __aeabi_ul2d
                0x080085c8                __floatundidf
                0x080085d8                __floatdidf
                0x080085d8                __aeabi_l2d
 .text          0x08008634      0x424 /usr/local/arm-4.8.3/bin/../lib/gcc/arm-none-eabi/4.8.3/armv7e-m/fpu/libgcc.a(_arm_muldivdf3.o)
                0x08008634                __aeabi_dmul
                0x08008634                __muldf3
                0x08008888                __aeabi_ddiv
                0x08008888                __divdf3
 .text          0x08008a58      0x110 /usr/local/arm-4.8.3/bin/../lib/gcc/arm-none-eabi/4.8.3/armv7e-m/fpu/libgcc.a(_arm_cmpdf2.o)
                0x08008a58                __gtdf2
                0x08008a58                __gedf2
                0x08008a60                __ltdf2
                0x08008a60                __ledf2
                0x08008a68                __cmpdf2
                0x08008a68                __eqdf2
                0x08008a68                __nedf2
                0x08008ae4                __aeabi_cdrcmple
                0x08008af4                __aeabi_cdcmple
                0x08008af4                __aeabi_cdcmpeq
                0x08008b04                __aeabi_dcmpeq
                0x08008b18                __aeabi_dcmplt
                0x08008b2c                __aeabi_dcmple
                0x08008b40                __aeabi_dcmpge
                0x08008b54                __aeabi_dcmpgt
 .text          0x08008b68       0xa0 /usr/local/arm-4.8.3/bin/../lib/gcc/arm-none-eabi/4.8.3/armv7e-m/fpu/libgcc.a(_arm_truncdfsf2.o)
                0x08008b68                __aeabi_d2f
                0x08008b68                __truncdfsf2
 *(.text.*)
 .text._ZN5rings2Ui4InitEPNS_8SettingsEPNS_8CvScalerEPNS_4PartEPNS_15StringSynthPartE
                0x08008c08      0x208 build/rings/ui.o
                0x08008c08                rings::Ui::Init(rings::Settings*, rings::CvScaler*, rings::Part*, rings::StringSynthPart*)
 .text._ZN5rings2Ui9SaveStateEv
                0x08008e10       0x24 build/rings/ui.o
                0x08008e10                rings::Ui::SaveState()
 .text._ZN5rings2Ui4PollEv
                0x08008e34      0x410 build/rings/ui.o
                0x08008e34                rings::Ui::Poll()
 .text._ZN5rings2Ui11CalibrateC3Ev
                0x08009244       0x88 build/rings/ui.o
                0x08009244                rings::Ui::CalibrateC3()
 .text._ZN5rings2Ui13CalibrateHighEv
                0x080092cc       0x7c build/rings/ui.o
                0x080092cc                rings::Ui::CalibrateHigh()
 .text._ZN5rings2Ui16OnSwitchReleasedERKN6stmlib5EventE
                0x08009348      0x684 build/rings/ui.o
                0x08009348                rings::Ui::OnSwitchReleased(stmlib::Event const&)
 .text._ZN5rings2Ui8DoEventsEv
                0x080099cc       0xd4 build/rings/ui.o
                0x080099cc                rings::Ui::DoEvents()
 .text._ZN5rings2Ui27HandleFactoryTestingRequestEh
                0x08009aa0      0x1b0 build/rings/ui.o
                0x08009aa0                rings::Ui::HandleFactoryTestingRequest(unsigned char)
 .text._Z10FillBufferPN5rings5Codec5FrameES2_j
                0x08009c50      0xd5c build/rings/rings.o
                0x08009c50                FillBuffer(rings::Codec::Frame*, rings::Codec::Frame*, unsigned int)
 .text.NMI_Handler
                0x0800a9ac        0x4 build/rings/rings.o
                0x0800a9ac                NMI_Handler
 .text.HardFault_Handler
                0x0800a9b0        0x4 build/rings/rings.o
                0x0800a9b0                HardFault_Handler
 .text.MemManage_Handler
                0x0800a9b4        0x4 build/rings/rings.o
                0x0800a9b4                MemManage_Handler
 .text.BusFault_Handler
                0x0800a9b8        0x4 build/rings/rings.o
                0x0800a9b8                BusFault_Handler
 .text.UsageFault_Handler
                0x0800a9bc        0x4 build/rings/rings.o
                0x0800a9bc                UsageFault_Handler
 .text.SVC_Handler
                0x0800a9c0        0x4 build/rings/rings.o
                0x0800a9c0                SVC_Handler
 .text.DebugMon_Handler
                0x0800a9c4        0x4 build/rings/rings.o
                0x0800a9c4                DebugMon_Handler
 .text.PendSV_Handler
                0x0800a9c8        0x4 build/rings/rings.o
                0x0800a9c8                PendSV_Handler
 .text.SysTick_Handler
                0x0800a9cc       0x34 build/rings/rings.o
                0x0800a9cc                SysTick_Handler
 .text._Z4Initv
                0x0800aa00      0x198 build/rings/rings.o
                0x0800aa00                Init()
 .text.startup.main
                0x0800ab98       0x14 build/rings/rings.o
                0x0800ab98                main
 .text._ZN5rings8CvScaler4InitEPNS_15CalibrationDataE
                0x0800abac       0xc4 build/rings/cv_scaler.o
                0x0800abac                rings::CvScaler::Init(rings::CalibrationData*)
 .text._ZN5rings8CvScaler24DetectAudioNormalizationEPNS_5Codec5FrameEj
                0x0800ac70      0x2a8 build/rings/cv_scaler.o
                0x0800ac70                rings::CvScaler::DetectAudioNormalization(rings::Codec::Frame*, unsigned int)
 .text._ZN5rings8CvScaler19DetectNormalizationEv
                0x0800af18      0x198 build/rings/cv_scaler.o
                0x0800af18                rings::CvScaler::DetectNormalization()
 .text._ZN5rings8CvScaler4ReadEPNS_5PatchEPNS_16PerformanceStateE
                0x0800b0b0      0x404 build/rings/cv_scaler.o
                0x0800b0b0                rings::CvScaler::Read(rings::Patch*, rings::PerformanceState*)
 .text._ZN5rings8Settings4InitEv
                0x0800b4b4      0x308 build/rings/settings.o
                0x0800b4b4                rings::Settings::Init()
 .text._ZN5rings8Settings4SaveEv
                0x0800b7bc      0x154 build/rings/settings.o
                0x0800b7bc                rings::Settings::Save()
 .text._ZN5rings9DebugPort4InitEv
                0x0800b910       0x88 build/rings/debug_port.o
                0x0800b910                rings::DebugPort::Init()
 .text._ZN5rings12TriggerInput4InitEv
                0x0800b998       0x3c build/rings/trigger_input.o
                0x0800b998                rings::TriggerInput::Init()
 .text._ZN5rings12TriggerInput4ReadEv
                0x0800b9d4       0x20 build/rings/trigger_input.o
                0x0800b9d4                rings::TriggerInput::Read()
 .text._ZN5rings6System4InitEb
                0x0800b9f4       0x10 build/rings/system.o
                0x0800b9f4                rings::System::Init(bool)
 .text._ZN5rings6System11StartTimersEv
                0x0800ba04       0x2c build/rings/system.o
                0x0800ba04                rings::System::StartTimers()
 .text._ZN5rings4Leds4InitEv
                0x0800ba30       0x40 build/rings/leds.o
                0x0800ba30                rings::Leds::Init()
 .text._ZN5rings4Leds5WriteEv
                0x0800ba70       0x3c build/rings/leds.o
                0x0800ba70                rings::Leds::Write()
 .text._ZN5rings8Switches4InitEv
                0x0800baac       0x44 build/rings/switches.o
                0x0800baac                rings::Switches::Init()
 .text._ZN5rings8Switches8DebounceEv
                0x0800baf0       0x4c build/rings/switches.o
                0x0800baf0                rings::Switches::Debounce()
 .text._ZN5rings3Adc7ConvertEv
                0x0800bb3c       0x84 build/rings/adc.o
                0x0800bb3c                rings::Adc::Convert()
 .text._ZN5rings3Adc4InitEv
                0x0800bbc0      0x1f8 build/rings/adc.o
                0x0800bbc0                rings::Adc::Init()
 .text._ZN5rings5Codec14InitializeGPIOEv
                0x0800bdb8       0xb8 build/rings/codec.o
                0x0800bdb8                rings::Codec::InitializeGPIO()
 .text._ZN5rings5Codec26InitializeControlInterfaceEv
                0x0800be70       0x60 build/rings/codec.o
                0x0800be70                rings::Codec::InitializeControlInterface()
 .text._ZN5rings5Codec24InitializeAudioInterfaceEbl
                0x0800bed0      0x10c build/rings/codec.o
                0x0800bed0                rings::Codec::InitializeAudioInterface(bool, long)
 .text._ZN5rings5Codec20WriteControlRegisterEht
                0x0800bfdc      0x2c8 build/rings/codec.o
                0x0800bfdc                rings::Codec::WriteControlRegister(unsigned char, unsigned short)
 .text._ZN5rings5Codec15InitializeCodecEbl
                0x0800c2a4      0x104 build/rings/codec.o
                0x0800c2a4                rings::Codec::InitializeCodec(bool, long)
 .text._ZN5rings5Codec13InitializeDMAEv
                0x0800c3a8      0x110 build/rings/codec.o
                0x0800c3a8                rings::Codec::InitializeDMA()
 .text._ZN5rings5Codec4InitEbl
                0x0800c4b8       0x54 build/rings/codec.o
                0x0800c4b8                rings::Codec::Init(bool, long)
 .text._ZN5rings5Codec5StartEjPFvPNS0_5FrameES2_jE
                0x0800c50c       0xf8 build/rings/codec.o
                0x0800c50c                rings::Codec::Start(unsigned int, void (*)(rings::Codec::Frame*, rings::Codec::Frame*, unsigned int))
 .text._ZN5rings5Codec19set_line_input_gainEl
                0x0800c604       0x20 build/rings/codec.o
                0x0800c604                rings::Codec::set_line_input_gain(long)
 .text._ZN5rings5Codec4FillEj
                0x0800c624      0x238 build/rings/codec.o
                0x0800c624                rings::Codec::Fill(unsigned int)
 .text.DMA1_Stream3_IRQHandler
                0x0800c85c       0x48 build/rings/codec.o
                0x0800c85c                DMA1_Stream3_IRQHandler
 .text._ZN5rings9Resonator4InitEv
                0x0800c8a4      0x100 build/rings/resonator.o
                0x0800c8a4                rings::Resonator::Init()
 .text._ZN5rings9Resonator14ComputeFiltersEv
                0x0800c9a4      0x328 build/rings/resonator.o
                0x0800c9a4                rings::Resonator::ComputeFilters()
 .text._ZN5rings9Resonator7ProcessEPKfPfS3_j
                0x0800cccc      0x188 build/rings/resonator.o
                0x0800cccc                rings::Resonator::Process(float const*, float*, float*, unsigned int)
 .text._ZN5rings4Part4InitEPt
                0x0800ce54      0x2f8 build/rings/part.o
                0x0800ce54                rings::Part::Init(unsigned short*)
 .text._ZN5rings4Part19ConfigureResonatorsEv
                0x0800d14c      0x260 build/rings/part.o
                0x0800d14c                rings::Part::ConfigureResonators()
 .text._ZN5rings4Part30ComputeSympatheticStringsNotesEfffPfj
                0x0800d3ac      0x28c build/rings/part.o
                0x0800d3ac                rings::Part::ComputeSympatheticStringsNotes(float, float, float, float*, unsigned int)
 .text._ZN5rings4Part16RenderModalVoiceElRKNS_16PerformanceStateERKNS_5PatchEffj
                0x0800d638      0x330 build/rings/part.o
                0x0800d638                rings::Part::RenderModalVoice(long, rings::PerformanceState const&, rings::Patch const&, float, float, unsigned int)
 .text._ZN5rings4Part13RenderFMVoiceElRKNS_16PerformanceStateERKNS_5PatchEffj
                0x0800d968       0x68 build/rings/part.o
                0x0800d968                rings::Part::RenderFMVoice(long, rings::PerformanceState const&, rings::Patch const&, float, float, unsigned int)
 .text._ZN5rings4Part17RenderStringVoiceElRKNS_16PerformanceStateERKNS_5PatchEffj
                0x0800d9d0     0x15d4 build/rings/part.o
                0x0800d9d0                rings::Part::RenderStringVoice(long, rings::PerformanceState const&, rings::Patch const&, float, float, unsigned int)
 .text._ZSt8__rotateIPfEvT_S1_S1_St26random_access_iterator_tag
                0x0800efa4      0x4a8 build/rings/part.o
                0x0800efa4                void std::__rotate<float*>(float*, float*, float*, std::random_access_iterator_tag)
 .text._ZSt16__insertion_sortIPfEvT_S1_
                0x0800f44c       0x88 build/rings/part.o
                0x0800f44c                void std::__insertion_sort<float*>(float*, float*)
 .text._ZSt13__adjust_heapIPfifEvT_T0_S2_T1_
                0x0800f4d4       0xd4 build/rings/part.o
                0x0800f4d4                void std::__adjust_heap<float*, int, float>(float*, int, int, float)
 .text._ZSt16__introsort_loopIPfiEvT_S1_T0_
                0x0800f5a8      0x344 build/rings/part.o
                0x0800f5a8                void std::__introsort_loop<float*, int>(float*, float*, int)
 .text._ZN5rings4Part7ProcessERKNS_16PerformanceStateERKNS_5PatchEPKfPfS9_j
                0x0800f8ec     0x1234 build/rings/part.o
                0x0800f8ec                rings::Part::Process(rings::PerformanceState const&, rings::Patch const&, float const*, float*, float*, unsigned int)
 .text._ZN5rings6String4InitEb
                0x08010b20      0x134 build/rings/string.o
                0x08010b20                rings::String::Init(bool)
 .text._ZN5rings6String15ProcessInternalILb1EEEvPKfPfS4_j
                0x08010c54      0x8ac build/rings/string.o
                0x08010c54                void rings::String::ProcessInternal<true>(float const*, float*, float*, unsigned int)
 .text._ZN5rings6String15ProcessInternalILb0EEEvPKfPfS4_j
                0x08011500      0x5d0 build/rings/string.o
                0x08011500                void rings::String::ProcessInternal<false>(float const*, float*, float*, unsigned int)
 .text._ZN5rings6String7ProcessEPKfPfS3_j
                0x08011ad0       0x20 build/rings/string.o
                0x08011ad0                rings::String::Process(float const*, float*, float*, unsigned int)
 .text._ZN5rings7FMVoice4InitEv
                0x08011af0       0xb0 build/rings/fm_voice.o
                0x08011af0                rings::FMVoice::Init()
 .text._ZN5rings7FMVoice7ProcessEPKfPfS3_j
                0x08011ba0      0x5c0 build/rings/fm_voice.o
                0x08011ba0                rings::FMVoice::Process(float const*, float*, float*, unsigned int)
 .text._ZN5rings15StringSynthPart4InitEPt
                0x08012160      0x504 build/rings/string_synth_part.o
                0x08012160                rings::StringSynthPart::Init(unsigned short*)
 .text._ZN5rings15StringSynthPart19ComputeRegistrationEffPf
                0x08012664      0x104 build/rings/string_synth_part.o
                0x08012664                rings::StringSynthPart::ComputeRegistration(float, float, float*)
 .text._ZN5rings15StringSynthPart16ProcessEnvelopesEfPhPf
                0x08012768      0x268 build/rings/string_synth_part.o
                0x08012768                rings::StringSynthPart::ProcessEnvelopes(float, unsigned char*, float*)
 .text._ZN5rings15StringSynthPart20ProcessFormantFilterEfffPfS1_j
                0x080129d0      0x710 build/rings/string_synth_part.o
                0x080129d0                rings::StringSynthPart::ProcessFormantFilter(float, float, float, float*, float*, unsigned int)
 .text._ZN5rings15StringSynthPart7ProcessERKNS_16PerformanceStateERKNS_5PatchEPKfPfS9_j
                0x080130e0     0x1b04 build/rings/string_synth_part.o
                0x080130e0                rings::StringSynthPart::Process(rings::PerformanceState const&, rings::Patch const&, float const*, float*, float*, unsigned int)
 .text.SystemInit
                0x08014be4      0x100 build/rings/system_stm32f4xx.o
                0x08014be4                SystemInit
 .text.FLASH_Unlock
                0x08014ce4       0x20 build/rings/stm32f4xx_flash.o
                0x08014ce4                FLASH_Unlock
 .text.FLASH_ClearFlag
                0x08014d04        0xc build/rings/stm32f4xx_flash.o
                0x08014d04                FLASH_ClearFlag
 .text.FLASH_GetStatus
                0x08014d10       0x40 build/rings/stm32f4xx_flash.o
                0x08014d10                FLASH_GetStatus
 .text.FLASH_WaitForLastOperation
                0x08014d50       0x28 build/rings/stm32f4xx_flash.o
                0x08014d50                FLASH_WaitForLastOperation
 .text.FLASH_EraseSector
                0x08014d78       0x78 build/rings/stm32f4xx_flash.o
                0x08014d78                FLASH_EraseSector
 .text.FLASH_ProgramWord
                0x08014df0       0x40 build/rings/stm32f4xx_flash.o
                0x08014df0                FLASH_ProgramWord
 .text.FLASH_ProgramHalfWord
                0x08014e30       0x40 build/rings/stm32f4xx_flash.o
                0x08014e30                FLASH_ProgramHalfWord
 .text.NVIC_SetVectorTable
                0x08014e70       0x14 build/rings/misc.o
                0x08014e70                NVIC_SetVectorTable
 .text.DMA_DeInit
                0x08014e84      0x130 build/rings/stm32f4xx_dma.o
                0x08014e84                DMA_DeInit
 .text.DMA_Init
                0x08014fb4       0x78 build/rings/stm32f4xx_dma.o
                0x08014fb4                DMA_Init
 .text.DMA_Cmd  0x0801502c       0x14 build/rings/stm32f4xx_dma.o
                0x0801502c                DMA_Cmd
 .text.DMA_ITConfig
                0x08015040       0x44 build/rings/stm32f4xx_dma.o
                0x08015040                DMA_ITConfig
 .text.SPI_I2S_DeInit
                0x08015084       0xd0 build/rings/stm32f4xx_spi.o
                0x08015084                SPI_I2S_DeInit
 .text.I2S_Init
                0x08015154      0x10c build/rings/stm32f4xx_spi.o
                0x08015154                I2S_Init
 .text.I2S_Cmd  0x08015260       0x20 build/rings/stm32f4xx_spi.o
                0x08015260                I2S_Cmd
 .text.I2S_FullDuplexConfig
                0x08015280       0x54 build/rings/stm32f4xx_spi.o
                0x08015280                I2S_FullDuplexConfig
 .text.SPI_I2S_DMACmd
                0x080152d4       0x18 build/rings/stm32f4xx_spi.o
                0x080152d4                SPI_I2S_DMACmd
 .text.I2C_DeInit
                0x080152ec       0x6c build/rings/stm32f4xx_i2c.o
                0x080152ec                I2C_DeInit
 .text.I2C_Init
                0x08015358       0xf4 build/rings/stm32f4xx_i2c.o
                0x08015358                I2C_Init
 .text.I2C_Cmd  0x0801544c       0x20 build/rings/stm32f4xx_i2c.o
                0x0801544c                I2C_Cmd
 .text.I2C_GenerateSTART
                0x0801546c       0x20 build/rings/stm32f4xx_i2c.o
                0x0801546c                I2C_GenerateSTART
 .text.I2C_GenerateSTOP
                0x0801548c       0x20 build/rings/stm32f4xx_i2c.o
                0x0801548c                I2C_GenerateSTOP
 .text.I2C_Send7bitAddress
                0x080154ac       0x14 build/rings/stm32f4xx_i2c.o
                0x080154ac                I2C_Send7bitAddress
 .text.I2C_SendData
                0x080154c0        0x4 build/rings/stm32f4xx_i2c.o
                0x080154c0                I2C_SendData
 .text.I2C_CheckEvent
                0x080154c4       0x1c build/rings/stm32f4xx_i2c.o
                0x080154c4                I2C_CheckEvent
 .text.I2C_GetFlagStatus
                0x080154e0       0x3c build/rings/stm32f4xx_i2c.o
                0x080154e0                I2C_GetFlagStatus
 .text.GPIO_Init
                0x0801551c      0x298 build/rings/stm32f4xx_gpio.o
                0x0801551c                GPIO_Init
 .text.GPIO_ReadInputDataBit
                0x080157b4        0xc build/rings/stm32f4xx_gpio.o
                0x080157b4                GPIO_ReadInputDataBit
 .text.GPIO_ResetBits
                0x080157c0        0x4 build/rings/stm32f4xx_gpio.o
                0x080157c0                GPIO_ResetBits
 .text.GPIO_WriteBit
                0x080157c4        0xc build/rings/stm32f4xx_gpio.o
                0x080157c4                GPIO_WriteBit
 .text.GPIO_PinAFConfig
                0x080157d0       0x30 build/rings/stm32f4xx_gpio.o
                0x080157d0                GPIO_PinAFConfig
 .text.RCC_PLLI2SConfig
                0x08015800       0x14 build/rings/stm32f4xx_rcc.o
                0x08015800                RCC_PLLI2SConfig
 .text.RCC_PLLI2SCmd
                0x08015814        0xc build/rings/stm32f4xx_rcc.o
                0x08015814                RCC_PLLI2SCmd
 .text.RCC_GetClocksFreq
                0x08015820       0x94 build/rings/stm32f4xx_rcc.o
                0x08015820                RCC_GetClocksFreq
 .text.RCC_I2SCLKConfig
                0x080158b4        0xc build/rings/stm32f4xx_rcc.o
                0x080158b4                RCC_I2SCLKConfig
 .text.RCC_AHB1PeriphClockCmd
                0x080158c0       0x1c build/rings/stm32f4xx_rcc.o
                0x080158c0                RCC_AHB1PeriphClockCmd
 .text.RCC_APB1PeriphClockCmd
                0x080158dc       0x1c build/rings/stm32f4xx_rcc.o
                0x080158dc                RCC_APB1PeriphClockCmd
 .text.RCC_APB2PeriphClockCmd
                0x080158f8       0x1c build/rings/stm32f4xx_rcc.o
                0x080158f8                RCC_APB2PeriphClockCmd
 .text.RCC_APB1PeriphResetCmd
                0x08015914       0x1c build/rings/stm32f4xx_rcc.o
                0x08015914                RCC_APB1PeriphResetCmd
 .text.RCC_APB2PeriphResetCmd
                0x08015930       0x1c build/rings/stm32f4xx_rcc.o
                0x08015930                RCC_APB2PeriphResetCmd
 .text.RCC_GetFlagStatus
                0x0801594c       0x34 build/rings/stm32f4xx_rcc.o
                0x0801594c                RCC_GetFlagStatus
 .text.USART_Init
                0x08015980       0xd8 build/rings/stm32f4xx_usart.o
                0x08015980                USART_Init
 .text.USART_Cmd
                0x08015a58       0x20 build/rings/stm32f4xx_usart.o
                0x08015a58                USART_Cmd
 .text.ADC_Init
                0x08015a78       0x5c build/rings/stm32f4xx_adc.o
                0x08015a78                ADC_Init
 .text.ADC_CommonInit
                0x08015ad4       0x30 build/rings/stm32f4xx_adc.o
                0x08015ad4                ADC_CommonInit
 .text.ADC_Cmd  0x08015b04       0x14 build/rings/stm32f4xx_adc.o
                0x08015b04                ADC_Cmd
 .text.ADC_RegularChannelConfig
                0x08015b18       0xa8 build/rings/stm32f4xx_adc.o
                0x08015b18                ADC_RegularChannelConfig
 .text.ADC_SoftwareStartConv
                0x08015bc0        0xc build/rings/stm32f4xx_adc.o
                0x08015bc0                ADC_SoftwareStartConv
 .text.ADC_DMACmd
                0x08015bcc       0x14 build/rings/stm32f4xx_adc.o
                0x08015bcc                ADC_DMACmd
 .text.ADC_DMARequestAfterLastTransferCmd
                0x08015be0       0x14 build/rings/stm32f4xx_adc.o
                0x08015be0                ADC_DMARequestAfterLastTransferCmd
 .text.Reset_Handler
                0x08015bf4       0x4c build/rings/startup_stm32f4xx.o
                0x08015bf4                Reset_Handler
 .text.Default_Handler
                0x08015c40        0x4 build/rings/startup_stm32f4xx.o
                0x08015c40                RTC_Alarm_IRQHandler
                0x08015c40                HASH_RNG_IRQHandler
                0x08015c40                EXTI2_IRQHandler
                0x08015c40                TIM8_CC_IRQHandler
                0x08015c40                TIM1_CC_IRQHandler
                0x08015c40                DMA2_Stream5_IRQHandler
                0x08015c40                DMA1_Stream5_IRQHandler
                0x08015c40                PVD_IRQHandler
                0x08015c40                SDIO_IRQHandler
                0x08015c40                TAMP_STAMP_IRQHandler
                0x08015c40                CAN2_RX1_IRQHandler
                0x08015c40                EXTI3_IRQHandler
                0x08015c40                TIM8_TRG_COM_TIM14_IRQHandler
                0x08015c40                TIM1_UP_TIM10_IRQHandler
                0x08015c40                TIM8_UP_TIM13_IRQHandler
                0x08015c40                I2C3_ER_IRQHandler
                0x08015c40                EXTI0_IRQHandler
                0x08015c40                I2C2_EV_IRQHandler
                0x08015c40                DMA1_Stream2_IRQHandler
                0x08015c40                CAN1_RX0_IRQHandler
                0x08015c40                FPU_IRQHandler
                0x08015c40                OTG_HS_WKUP_IRQHandler
                0x08015c40                CAN2_SCE_IRQHandler
                0x08015c40                DMA2_Stream2_IRQHandler
                0x08015c40                SPI1_IRQHandler
                0x08015c40                TIM6_DAC_IRQHandler
                0x08015c40                TIM1_BRK_TIM9_IRQHandler
                0x08015c40                DCMI_IRQHandler
                0x08015c40                CAN2_RX0_IRQHandler
                0x08015c40                DMA2_Stream3_IRQHandler
                0x08015c40                USART6_IRQHandler
                0x08015c40                USART3_IRQHandler
                0x08015c40                CRYP_IRQHandler
                0x08015c40                CAN1_RX1_IRQHandler
                0x08015c40                UART5_IRQHandler
                0x08015c40                DMA2_Stream0_IRQHandler
                0x08015c40                TIM4_IRQHandler
                0x08015c40                I2C1_EV_IRQHandler
                0x08015c40                DMA1_Stream6_IRQHandler
                0x08015c40                DMA1_Stream1_IRQHandler
                0x08015c40                UART4_IRQHandler
                0x08015c40                TIM3_IRQHandler
                0x08015c40                RCC_IRQHandler
                0x08015c40                TIM8_BRK_TIM12_IRQHandler
                0x08015c40                Default_Handler
                0x08015c40                EXTI15_10_IRQHandler
                0x08015c40                ADC_IRQHandler
                0x08015c40                DMA1_Stream7_IRQHandler
                0x08015c40                TIM7_IRQHandler
                0x08015c40                CAN2_TX_IRQHandler
                0x08015c40                TIM5_IRQHandler
                0x08015c40                DMA2_Stream7_IRQHandler
                0x08015c40                I2C3_EV_IRQHandler
                0x08015c40                EXTI9_5_IRQHandler
                0x08015c40                RTC_WKUP_IRQHandler
                0x08015c40                ETH_WKUP_IRQHandler
                0x08015c40                SPI2_IRQHandler
                0x08015c40                OTG_HS_EP1_IN_IRQHandler
                0x08015c40                DMA1_Stream0_IRQHandler
                0x08015c40                CAN1_TX_IRQHandler
                0x08015c40                EXTI4_IRQHandler
                0x08015c40                FSMC_IRQHandler
                0x08015c40                ETH_IRQHandler
                0x08015c40                OTG_HS_EP1_OUT_IRQHandler
                0x08015c40                WWDG_IRQHandler
                0x08015c40                TIM2_IRQHandler
                0x08015c40                OTG_FS_WKUP_IRQHandler
                0x08015c40                TIM1_TRG_COM_TIM11_IRQHandler
                0x08015c40                OTG_HS_IRQHandler
                0x08015c40                EXTI1_IRQHandler
                0x08015c40                USART2_IRQHandler
                0x08015c40                I2C2_ER_IRQHandler
                0x08015c40                DMA2_Stream1_IRQHandler
                0x08015c40                CAN1_SCE_IRQHandler
                0x08015c40                FLASH_IRQHandler
                0x08015c40                DMA2_Stream4_IRQHandler
                0x08015c40                USART1_IRQHandler
                0x08015c40                OTG_FS_IRQHandler
                0x08015c40                SPI3_IRQHandler
                0x08015c40                DMA1_Stream4_IRQHandler
                0x08015c40                I2C1_ER_IRQHandler
                0x08015c40                DMA2_Stream6_IRQHandler
 .text.memmove  0x08015c44       0xc0 /usr/local/arm-4.8.3/bin/../lib/gcc/arm-none-eabi/4.8.3/../../../../arm-none-eabi/lib/armv7e-m/fpu/libc.a(lib_a-memmove.o)
                0x08015c44                memmove
 .text.powf     0x08015d04      0x348 /usr/local/arm-4.8.3/bin/../lib/gcc/arm-none-eabi/4.8.3/../../../../arm-none-eabi/lib/armv7e-m/fpu/libm.a(lib_a-wf_pow.o)
                0x08015d04                powf
 .text.__ieee754_powf
                0x0801604c      0x5c8 /usr/local/arm-4.8.3/bin/../lib/gcc/arm-none-eabi/4.8.3/../../../../arm-none-eabi/lib/armv7e-m/fpu/libm.a(lib_a-ef_pow.o)
                0x0801604c                __ieee754_powf
 .text.__ieee754_sqrtf
                0x08016614       0xa4 /usr/local/arm-4.8.3/bin/../lib/gcc/arm-none-eabi/4.8.3/../../../../arm-none-eabi/lib/armv7e-m/fpu/libm.a(lib_a-ef_sqrt.o)
                0x08016614                __ieee754_sqrtf
 .text.matherr  0x080166b8        0x4 /usr/local/arm-4.8.3/bin/../lib/gcc/arm-none-eabi/4.8.3/../../../../arm-none-eabi/lib/armv7e-m/fpu/libm.a(lib_a-s_matherr.o)
                0x080166b8                matherr
 .text.rint     0x080166bc      0x120 /usr/local/arm-4.8.3/bin/../lib/gcc/arm-none-eabi/4.8.3/../../../../arm-none-eabi/lib/armv7e-m/fpu/libm.a(lib_a-s_rint.o)
                0x080166bc                rint
 .text.fabsf    0x080167dc       0x10 /usr/local/arm-4.8.3/bin/../lib/gcc/arm-none-eabi/4.8.3/../../../../arm-none-eabi/lib/armv7e-m/fpu/libm.a(lib_a-sf_fabs.o)
                0x080167dc                fabsf
 .text.finitef  0x080167ec       0x14 /usr/local/arm-4.8.3/bin/../lib/gcc/arm-none-eabi/4.8.3/../../../../arm-none-eabi/lib/armv7e-m/fpu/libm.a(lib_a-sf_finite.o)
                0x080167ec                finitef
 .text.__fpclassifyf
                0x08016800       0x38 /usr/local/arm-4.8.3/bin/../lib/gcc/arm-none-eabi/4.8.3/../../../../arm-none-eabi/lib/armv7e-m/fpu/libm.a(lib_a-sf_fpclassify.o)
                0x08016800                __fpclassifyf
 .text.nanf     0x08016838        0xc /usr/local/arm-4.8.3/bin/../lib/gcc/arm-none-eabi/4.8.3/../../../../arm-none-eabi/lib/armv7e-m/fpu/libm.a(lib_a-sf_nan.o)
                0x08016838                nanf
 .text.scalbnf  0x08016844       0xd8 /usr/local/arm-4.8.3/bin/../lib/gcc/arm-none-eabi/4.8.3/../../../../arm-none-eabi/lib/armv7e-m/fpu/libm.a(lib_a-sf_scalbn.o)
                0x08016844                scalbnf
 .text.copysignf
                0x0801691c       0x18 /usr/local/arm-4.8.3/bin/../lib/gcc/arm-none-eabi/4.8.3/../../../../arm-none-eabi/lib/armv7e-m/fpu/libm.a(lib_a-sf_copysign.o)
                0x0801691c                copysignf
 *(.rodata)
 .rodata        0x08016934        0x4 build/rings/switches.o
 .rodata        0x08016938       0x10 build/rings/part.o
 *(.rodata*)
 .rodata._ZN5rings13lut_svf_shiftE
                0x08016948      0x404 build/rings/resources.o
                0x08016948                rings::lut_svf_shift
 .rodata._ZN5rings13lut_stiffnessE
                0x08016d4c      0x404 build/rings/resources.o
                0x08016d4c                rings::lut_stiffness
 .rodata._ZN5rings26lut_fm_frequency_quantizerE
                0x08017150      0x204 build/rings/resources.o
                0x08017150                rings::lut_fm_frequency_quantizer
 .rodata._ZN5rings13lut_4_decadesE
                0x08017354      0x404 build/rings/resources.o
                0x08017354                rings::lut_4_decades
 .rodata._ZN5rings8lut_sineE
                0x08017758     0x5004 build/rings/resources.o
                0x08017758                rings::lut_sine
 .rodata._ZN5ringsL12kPingPatternE
                0x0801c75c       0x20 build/rings/part.o
 .rodata._ZN5ringsL13registrationsE
                0x0801c77c      0x108 build/rings/string_synth_part.o
 .rodata._ZN5ringsL8formantsE
                0x0801c884       0x3c build/rings/string_synth_part.o
 .rodata._ZN5ringsL6chordsE
                0x0801c8c0      0x580 build/rings/string_synth_part.o
 .rodata._ZN6stmlib20lut_pitch_ratio_highE
                0x0801ce40      0x404 build/rings/units.o
                0x0801ce40                stmlib::lut_pitch_ratio_high
 .rodata._ZN6stmlib19lut_pitch_ratio_lowE
                0x0801d244      0x404 build/rings/units.o
                0x0801d244                stmlib::lut_pitch_ratio_low
 .rodata.str1.4
                0x0801d648        0x5 /usr/local/arm-4.8.3/bin/../lib/gcc/arm-none-eabi/4.8.3/../../../../arm-none-eabi/lib/armv7e-m/fpu/libm.a(lib_a-wf_pow.o)
                                  0x8 (size before relaxing)
 *fill*         0x0801d64d        0x3 
 .rodata.dp_h   0x0801d650        0x8 /usr/local/arm-4.8.3/bin/../lib/gcc/arm-none-eabi/4.8.3/../../../../arm-none-eabi/lib/armv7e-m/fpu/libm.a(lib_a-ef_pow.o)
 .rodata.dp_l   0x0801d658        0x8 /usr/local/arm-4.8.3/bin/../lib/gcc/arm-none-eabi/4.8.3/../../../../arm-none-eabi/lib/armv7e-m/fpu/libm.a(lib_a-ef_pow.o)
 .rodata.bp     0x0801d660        0x8 /usr/local/arm-4.8.3/bin/../lib/gcc/arm-none-eabi/4.8.3/../../../../arm-none-eabi/lib/armv7e-m/fpu/libm.a(lib_a-ef_pow.o)
 .rodata.str1.4
                0x00000000        0x8 /usr/local/arm-4.8.3/bin/../lib/gcc/arm-none-eabi/4.8.3/../../../../arm-none-eabi/lib/armv7e-m/fpu/libm.a(lib_a-ef_pow.o)
                                  0x4 (size before relaxing)
 .rodata.TWO52  0x0801d668       0x10 /usr/local/arm-4.8.3/bin/../lib/gcc/arm-none-eabi/4.8.3/../../../../arm-none-eabi/lib/armv7e-m/fpu/libm.a(lib_a-s_rint.o)
 *(.glue_7)
 .glue_7        0x00000000        0x0 linker stubs
 *(.glue_7t)
 .glue_7t       0x00000000        0x0 linker stubs
 *(.init)
 .init          0x0801d678        0x4 /usr/local/arm-4.8.3/bin/../lib/gcc/arm-none-eabi/4.8.3/armv7e-m/fpu/crti.o
                0x0801d678                _init
 .init          0x0801d67c        0x8 /usr/local/arm-4.8.3/bin/../lib/gcc/arm-none-eabi/4.8.3/armv7e-m/fpu/crtn.o
 *(.fini)
 .fini          0x0801d684        0x4 /usr/local/arm-4.8.3/bin/../lib/gcc/arm-none-eabi/4.8.3/armv7e-m/fpu/crti.o
                0x0801d684                _fini
 .fini          0x0801d688        0x8 /usr/local/arm-4.8.3/bin/../lib/gcc/arm-none-eabi/4.8.3/armv7e-m/fpu/crtn.o
 .fini.__stub   0x0801d690        0x8 linker stubs
                0x0801d6a0                . = ALIGN (0x10)
 *fill*         0x0801d698        0x8 
                0x0801d6a0                _etext = .
                0x0801d6a0                _sidata = _etext

.vfp11_veneer   0x0801d6a0        0x0
 .vfp11_veneer  0x00000000        0x0 linker stubs

.v4_bx          0x0801d6a0        0x0
 .v4_bx         0x00000000        0x0 linker stubs

.iplt           0x0801d6a0        0x0
 .iplt          0x00000000        0x0 /usr/local/arm-4.8.3/bin/../lib/gcc/arm-none-eabi/4.8.3/armv7e-m/fpu/crtbegin.o

.rel.dyn        0x0801d6a0        0x0
 .rel.iplt      0x00000000        0x0 /usr/local/arm-4.8.3/bin/../lib/gcc/arm-none-eabi/4.8.3/armv7e-m/fpu/crtbegin.o

.data           0x20000000      0x640 load address 0x0801d6a0
                0x20000000                . = ALIGN (0x10)
                0x20000000                _sdata = .
 *(.ramtext*)
                0x20000000                . = ALIGN (0x10)
 *(.data*)
 .data._ZN5rings8CvScaler17channel_settings_E
                0x20000000       0x80 build/rings/cv_scaler.o
                0x20000000                rings::CvScaler::channel_settings_
 .data._ZN5rings3Adc10addresses_E
                0x20000080        0x8 build/rings/adc.o
                0x20000080                rings::Adc::addresses_
 .data._ZN5rings4Part12model_gains_E
                0x20000088       0x18 build/rings/part.o
                0x20000088                rings::Part::model_gains_
 .data._ZN5rings6chordsE
                0x200000a0      0x580 build/rings/part.o
                0x200000a0                rings::chords
 .data._ZN6stmlib6Random10rng_state_E
                0x20000620        0x4 build/rings/random.o
                0x20000620                stmlib::Random::rng_state_
 .data.APBAHBPrescTable
                0x20000624       0x10 build/rings/stm32f4xx_rcc.o
 .data.__fdlib_version
                0x20000634        0x1 /usr/local/arm-4.8.3/bin/../lib/gcc/arm-none-eabi/4.8.3/../../../../arm-none-eabi/lib/armv7e-m/fpu/libm.a(lib_a-s_lib_ver.o)
                0x20000634                __fdlib_version
 *(.data.*)
                0x20000640                . = ALIGN (0x10)
 *fill*         0x20000635        0xb 
                0x20000640                _edata = .

.igot.plt       0x20000640        0x0 load address 0x0801dce0
 .igot.plt      0x00000000        0x0 /usr/local/arm-4.8.3/bin/../lib/gcc/arm-none-eabi/4.8.3/armv7e-m/fpu/crtbegin.o

.bss            0x20000640    0x1c2d0 load address 0x0801dce0
                0x20000640                . = ALIGN (0x10)
                0x20000640                _sbss = .
 *(.bss)
 *(.bss*)
 .bss.in        0x20000640       0x60 build/rings/rings.o
                0x20000640                in
 .bss.cv_scaler
                0x200006a0       0xc4 build/rings/rings.o
                0x200006a0                cv_scaler
 .bss.ui        0x20000764       0xb8 build/rings/rings.o
                0x20000764                ui
 .bss.part      0x2000081c    0x1af70 build/rings/rings.o
                0x2000081c                part
 .bss.debug_port
                0x2001b78c        0x4 build/rings/rings.o
                0x2001b78c                debug_port
 .bss.settings  0x2001b790       0x44 build/rings/rings.o
                0x2001b790                settings
 .bss.aux       0x2001b7d4       0x60 build/rings/rings.o
                0x2001b7d4                aux
 .bss.codec     0x2001b834      0x68c build/rings/rings.o
                0x2001b834                codec
 .bss.string_synth
                0x2001bec0      0x7d4 build/rings/rings.o
                0x2001bec0                string_synth
 .bss.out       0x2001c694       0x60 build/rings/rings.o
                0x2001c694                out
 .bss.strummer  0x2001c6f4      0x20c build/rings/rings.o
                0x2001c6f4                strummer
 .bss.__errno   0x2001c900        0x4 build/rings/rings.o
                0x2001c900                __errno
 .bss.in_level  0x2001c904        0x4 build/rings/rings.o
                0x2001c904                in_level
 .bss._ZN5rings5Codec9instance_E
                0x2001c908        0x4 build/rings/codec.o
                0x2001c908                rings::Codec::instance_
 .bss._ZN6stmlib12system_clockE
                0x2001c90c        0x4 build/rings/system_clock.o
                0x2001c90c                stmlib::system_clock
 *(COMMON)
                0x2001c910                . = ALIGN (0x10)
                0x2001c910                _ebss = .
                0x2001c910                PROVIDE (end, _ebss)
                0x2001c910                PROVIDE (_end, _ebss)

._user_heap_stack
                0x2001c910      0x400 load address 0x08039fb0
                0x2001c910                . = ALIGN (0x10)
                0x2001c910                PROVIDE (end, .)
                0x2001c910                PROVIDE (_end, .)
                0x2001c910                . = (. + _Min_Heap_Size)
                0x2001cd10                . = (. + _Min_Stack_Size)
 *fill*         0x2001c910      0x400 
                0x2001cd10                . = ALIGN (0x10)

.ccmdata        0x10000000    0x10000
                0x10000000                . = ALIGN (0x10)
 *(.ccmdata)
 .ccmdata       0x10000000    0x10000 build/rings/rings.o
                0x10000000                reverb_buffer
                0x10010000                . = ALIGN (0x10)

DISCARD         0x2001c910      0x4b8
 libc.a(*)
 libm.a(*)
 .ARM.attributes
                0x2001c910       0x34 /usr/local/arm-4.8.3/bin/../lib/gcc/arm-none-eabi/4.8.3/../../../../arm-none-eabi/lib/armv7e-m/fpu/libm.a(lib_a-ef_pow.o)
 .debug_frame   0x2001c944       0x3c /usr/local/arm-4.8.3/bin/../lib/gcc/arm-none-eabi/4.8.3/../../../../arm-none-eabi/lib/armv7e-m/fpu/libm.a(lib_a-ef_pow.o)
 .ARM.attributes
                0x2001c980       0x34 /usr/local/arm-4.8.3/bin/../lib/gcc/arm-none-eabi/4.8.3/../../../../arm-none-eabi/lib/armv7e-m/fpu/libm.a(lib_a-ef_sqrt.o)
 .debug_frame   0x2001c9b4       0x2c /usr/local/arm-4.8.3/bin/../lib/gcc/arm-none-eabi/4.8.3/../../../../arm-none-eabi/lib/armv7e-m/fpu/libm.a(lib_a-ef_sqrt.o)
 .ARM.attributes
                0x2001c9e0       0x34 /usr/local/arm-4.8.3/bin/../lib/gcc/arm-none-eabi/4.8.3/../../../../arm-none-eabi/lib/armv7e-m/fpu/libm.a(lib_a-s_lib_ver.o)
 .ARM.attributes
                0x2001ca14       0x34 /usr/local/arm-4.8.3/bin/../lib/gcc/arm-none-eabi/4.8.3/../../../../arm-none-eabi/lib/armv7e-m/fpu/libm.a(lib_a-s_matherr.o)
 .debug_frame   0x2001ca48       0x20 /usr/local/arm-4.8.3/bin/../lib/gcc/arm-none-eabi/4.8.3/../../../../arm-none-eabi/lib/armv7e-m/fpu/libm.a(lib_a-s_matherr.o)
 .ARM.attributes
                0x2001ca68       0x34 /usr/local/arm-4.8.3/bin/../lib/gcc/arm-none-eabi/4.8.3/../../../../arm-none-eabi/lib/armv7e-m/fpu/libm.a(lib_a-s_rint.o)
 .debug_frame   0x2001ca9c       0x30 /usr/local/arm-4.8.3/bin/../lib/gcc/arm-none-eabi/4.8.3/../../../../arm-none-eabi/lib/armv7e-m/fpu/libm.a(lib_a-s_rint.o)
 .ARM.attributes
                0x2001cacc       0x34 /usr/local/arm-4.8.3/bin/../lib/gcc/arm-none-eabi/4.8.3/../../../../arm-none-eabi/lib/armv7e-m/fpu/libm.a(lib_a-sf_copysign.o)
 .debug_frame   0x2001cb00       0x20 /usr/local/arm-4.8.3/bin/../lib/gcc/arm-none-eabi/4.8.3/../../../../arm-none-eabi/lib/armv7e-m/fpu/libm.a(lib_a-sf_copysign.o)
 .ARM.attributes
                0x2001cb20       0x34 /usr/local/arm-4.8.3/bin/../lib/gcc/arm-none-eabi/4.8.3/../../../../arm-none-eabi/lib/armv7e-m/fpu/libm.a(lib_a-sf_fabs.o)
 .debug_frame   0x2001cb54       0x20 /usr/local/arm-4.8.3/bin/../lib/gcc/arm-none-eabi/4.8.3/../../../../arm-none-eabi/lib/armv7e-m/fpu/libm.a(lib_a-sf_fabs.o)
 .ARM.attributes
                0x2001cb74       0x34 /usr/local/arm-4.8.3/bin/../lib/gcc/arm-none-eabi/4.8.3/../../../../arm-none-eabi/lib/armv7e-m/fpu/libm.a(lib_a-sf_finite.o)
 .debug_frame   0x2001cba8       0x20 /usr/local/arm-4.8.3/bin/../lib/gcc/arm-none-eabi/4.8.3/../../../../arm-none-eabi/lib/armv7e-m/fpu/libm.a(lib_a-sf_finite.o)
 .ARM.attributes
                0x2001cbc8       0x34 /usr/local/arm-4.8.3/bin/../lib/gcc/arm-none-eabi/4.8.3/../../../../arm-none-eabi/lib/armv7e-m/fpu/libm.a(lib_a-sf_fpclassify.o)
 .debug_frame   0x2001cbfc       0x20 /usr/local/arm-4.8.3/bin/../lib/gcc/arm-none-eabi/4.8.3/../../../../arm-none-eabi/lib/armv7e-m/fpu/libm.a(lib_a-sf_fpclassify.o)
 .ARM.attributes
                0x2001cc1c       0x34 /usr/local/arm-4.8.3/bin/../lib/gcc/arm-none-eabi/4.8.3/../../../../arm-none-eabi/lib/armv7e-m/fpu/libm.a(lib_a-sf_nan.o)
 .debug_frame   0x2001cc50       0x20 /usr/local/arm-4.8.3/bin/../lib/gcc/arm-none-eabi/4.8.3/../../../../arm-none-eabi/lib/armv7e-m/fpu/libm.a(lib_a-sf_nan.o)
 .ARM.attributes
                0x2001cc70       0x34 /usr/local/arm-4.8.3/bin/../lib/gcc/arm-none-eabi/4.8.3/../../../../arm-none-eabi/lib/armv7e-m/fpu/libm.a(lib_a-sf_scalbn.o)
 .debug_frame   0x2001cca4       0x30 /usr/local/arm-4.8.3/bin/../lib/gcc/arm-none-eabi/4.8.3/../../../../arm-none-eabi/lib/armv7e-m/fpu/libm.a(lib_a-sf_scalbn.o)
 .ARM.attributes
                0x2001ccd4       0x34 /usr/local/arm-4.8.3/bin/../lib/gcc/arm-none-eabi/4.8.3/../../../../arm-none-eabi/lib/armv7e-m/fpu/libm.a(lib_a-wf_pow.o)
 .debug_frame   0x2001cd08       0x38 /usr/local/arm-4.8.3/bin/../lib/gcc/arm-none-eabi/4.8.3/../../../../arm-none-eabi/lib/armv7e-m/fpu/libm.a(lib_a-wf_pow.o)
 libgcc.a(*)
 .ARM.attributes
                0x2001cd40       0x22 /usr/local/arm-4.8.3/bin/../lib/gcc/arm-none-eabi/4.8.3/armv7e-m/fpu/libgcc.a(_arm_addsubdf3.o)
 .ARM.attributes
                0x2001cd62       0x22 /usr/local/arm-4.8.3/bin/../lib/gcc/arm-none-eabi/4.8.3/armv7e-m/fpu/libgcc.a(_arm_muldivdf3.o)
 .ARM.attributes
                0x2001cd84       0x22 /usr/local/arm-4.8.3/bin/../lib/gcc/arm-none-eabi/4.8.3/armv7e-m/fpu/libgcc.a(_arm_cmpdf2.o)
 .ARM.attributes
                0x2001cda6       0x22 /usr/local/arm-4.8.3/bin/../lib/gcc/arm-none-eabi/4.8.3/armv7e-m/fpu/libgcc.a(_arm_truncdfsf2.o)
OUTPUT(build/rings/rings.elf elf32-littlearm)

.ARM.attributes
                0x00000000       0x30
 .ARM.attributes
                0x00000000       0x22 /usr/local/arm-4.8.3/bin/../lib/gcc/arm-none-eabi/4.8.3/armv7e-m/fpu/crti.o
 .ARM.attributes
                0x00000022       0x39 build/rings/ui.o
 .ARM.attributes
                0x0000005b       0x39 build/rings/rings.o
 .ARM.attributes
                0x00000094       0x39 build/rings/resources.o
 .ARM.attributes
                0x000000cd       0x39 build/rings/cv_scaler.o
 .ARM.attributes
                0x00000106       0x39 build/rings/settings.o
 .ARM.attributes
                0x0000013f       0x39 build/rings/debug_port.o
 .ARM.attributes
                0x00000178       0x39 build/rings/trigger_input.o
 .ARM.attributes
                0x000001b1       0x39 build/rings/system.o
 .ARM.attributes
                0x000001ea       0x39 build/rings/leds.o
 .ARM.attributes
                0x00000223       0x39 build/rings/switches.o
 .ARM.attributes
                0x0000025c       0x39 build/rings/adc.o
 .ARM.attributes
                0x00000295       0x39 build/rings/codec.o
 .ARM.attributes
                0x000002ce       0x39 build/rings/resonator.o
 .ARM.attributes
                0x00000307       0x39 build/rings/part.o
 .ARM.attributes
                0x00000340       0x39 build/rings/string.o
 .ARM.attributes
                0x00000379       0x39 build/rings/fm_voice.o
 .ARM.attributes
                0x000003b2       0x39 build/rings/string_synth_part.o
 .ARM.attributes
                0x000003eb       0x39 build/rings/units.o
 .ARM.attributes
                0x00000424       0x39 build/rings/random.o
 .ARM.attributes
                0x0000045d       0x39 build/rings/system_clock.o
 .ARM.attributes
                0x00000496       0x39 build/rings/system_stm32f4xx.o
 .ARM.attributes
                0x000004cf       0x39 build/rings/stm32f4xx_flash.o
 .ARM.attributes
                0x00000508       0x39 build/rings/misc.o
 .ARM.attributes
                0x00000541       0x39 build/rings/stm32f4xx_dma.o
 .ARM.attributes
                0x0000057a       0x39 build/rings/stm32f4xx_spi.o
 .ARM.attributes
                0x000005b3       0x39 build/rings/stm32f4xx_i2c.o
 .ARM.attributes
                0x000005ec       0x39 build/rings/stm32f4xx_gpio.o
 .ARM.attributes
                0x00000625       0x39 build/rings/stm32f4xx_rcc.o
 .ARM.attributes
                0x0000065e       0x39 build/rings/stm32f4xx_usart.o
 .ARM.attributes
                0x00000697       0x39 build/rings/stm32f4xx_adc.o
 .ARM.attributes
                0x000006d0       0x21 build/rings/startup_stm32f4xx.o
 .ARM.attributes
                0x000006f1       0x20 /usr/local/arm-4.8.3/bin/../lib/gcc/arm-none-eabi/4.8.3/../../../../arm-none-eabi/lib/armv7e-m/fpu/libc.a(lib_a-memcpy.o)
 .ARM.attributes
                0x00000711       0x34 /usr/local/arm-4.8.3/bin/../lib/gcc/arm-none-eabi/4.8.3/../../../../arm-none-eabi/lib/armv7e-m/fpu/libc.a(lib_a-memmove.o)
 .ARM.attributes
                0x00000745       0x22 /usr/local/arm-4.8.3/bin/../lib/gcc/arm-none-eabi/4.8.3/armv7e-m/fpu/crtn.o

.comment        0x00000000       0x70
 .comment       0x00000000       0x70 build/rings/ui.o
                                 0x71 (size before relaxing)
 .comment       0x00000000       0x71 build/rings/rings.o
 .comment       0x00000000       0x71 build/rings/resources.o
 .comment       0x00000000       0x71 build/rings/cv_scaler.o
 .comment       0x00000000       0x71 build/rings/settings.o
 .comment       0x00000000       0x71 build/rings/debug_port.o
 .comment       0x00000000       0x71 build/rings/trigger_input.o
 .comment       0x00000000       0x71 build/rings/system.o
 .comment       0x00000000       0x71 build/rings/leds.o
 .comment       0x00000000       0x71 build/rings/switches.o
 .comment       0x00000000       0x71 build/rings/adc.o
 .comment       0x00000000       0x71 build/rings/codec.o
 .comment       0x00000000       0x71 build/rings/resonator.o
 .comment       0x00000000       0x71 build/rings/part.o
 .comment       0x00000000       0x71 build/rings/string.o
 .comment       0x00000000       0x71 build/rings/fm_voice.o
 .comment       0x00000000       0x71 build/rings/string_synth_part.o
 .comment       0x00000000       0x71 build/rings/units.o
 .comment       0x00000000       0x71 build/rings/random.o
 .comment       0x00000000       0x71 build/rings/system_clock.o
 .comment       0x00000000       0x71 build/rings/system_stm32f4xx.o
 .comment       0x00000000       0x71 build/rings/stm32f4xx_flash.o
 .comment       0x00000000       0x71 build/rings/misc.o
 .comment       0x00000000       0x71 build/rings/stm32f4xx_dma.o
 .comment       0x00000000       0x71 build/rings/stm32f4xx_spi.o
 .comment       0x00000000       0x71 build/rings/stm32f4xx_i2c.o
 .comment       0x00000000       0x71 build/rings/stm32f4xx_gpio.o
 .comment       0x00000000       0x71 build/rings/stm32f4xx_rcc.o
 .comment       0x00000000       0x71 build/rings/stm32f4xx_usart.o
 .comment       0x00000000       0x71 build/rings/stm32f4xx_adc.o

.debug_info     0x00000000    0x489d5
 .debug_info    0x00000000     0x81d3 build/rings/ui.o
 .debug_info    0x000081d3     0x92de build/rings/rings.o
 .debug_info    0x000114b1     0x603e build/rings/resources.o
 .debug_info    0x000174ef     0x2d87 build/rings/cv_scaler.o
 .debug_info    0x0001a276      0xd7c build/rings/settings.o
 .debug_info    0x0001aff2      0x6ac build/rings/debug_port.o
 .debug_info    0x0001b69e      0x500 build/rings/trigger_input.o
 .debug_info    0x0001bb9e      0x7df build/rings/system.o
 .debug_info    0x0001c37d      0x54d build/rings/leds.o
 .debug_info    0x0001c8ca      0xbe9 build/rings/switches.o
 .debug_info    0x0001d4b3      0xf52 build/rings/adc.o
 .debug_info    0x0001e405     0x2aad build/rings/codec.o
 .debug_info    0x00020eb2     0x23d8 build/rings/resonator.o
 .debug_info    0x0002328a     0xb5db build/rings/part.o
 .debug_info    0x0002e865     0x40e0 build/rings/string.o
 .debug_info    0x00032945     0x2957 build/rings/fm_voice.o
 .debug_info    0x0003529c     0xc543 build/rings/string_synth_part.o
 .debug_info    0x000417df      0x973 build/rings/units.o
 .debug_info    0x00042152      0x163 build/rings/random.o
 .debug_info    0x000422b5      0x2ce build/rings/system_clock.o
 .debug_info    0x00042583      0x5cc build/rings/system_stm32f4xx.o
 .debug_info    0x00042b4f      0xa34 build/rings/stm32f4xx_flash.o
 .debug_info    0x00043583      0x528 build/rings/misc.o
 .debug_info    0x00043aab      0x72c build/rings/stm32f4xx_dma.o
 .debug_info    0x000441d7      0xc80 build/rings/stm32f4xx_spi.o
 .debug_info    0x00044e57      0xc53 build/rings/stm32f4xx_i2c.o
 .debug_info    0x00045aaa      0x81d build/rings/stm32f4xx_gpio.o
 .debug_info    0x000462c7      0xefb build/rings/stm32f4xx_rcc.o
 .debug_info    0x000471c2      0xb99 build/rings/stm32f4xx_usart.o
 .debug_info    0x00047d5b      0xc7a build/rings/stm32f4xx_adc.o

.debug_abbrev   0x00000000     0x6e77
 .debug_abbrev  0x00000000      0x84d build/rings/ui.o
 .debug_abbrev  0x0000084d      0x974 build/rings/rings.o
 .debug_abbrev  0x000011c1       0xd8 build/rings/resources.o
 .debug_abbrev  0x00001299      0x6dd build/rings/cv_scaler.o
 .debug_abbrev  0x00001976      0x44d build/rings/settings.o
 .debug_abbrev  0x00001dc3      0x225 build/rings/debug_port.o
 .debug_abbrev  0x00001fe8      0x23d build/rings/trigger_input.o
 .debug_abbrev  0x00002225      0x259 build/rings/system.o
 .debug_abbrev  0x0000247e      0x24b build/rings/leds.o
 .debug_abbrev  0x000026c9      0x3f3 build/rings/switches.o
 .debug_abbrev  0x00002abc      0x2ab build/rings/adc.o
 .debug_abbrev  0x00002d67      0x4fd build/rings/codec.o
 .debug_abbrev  0x00003264      0x634 build/rings/resonator.o
 .debug_abbrev  0x00003898      0x9d5 build/rings/part.o
 .debug_abbrev  0x0000426d      0x713 build/rings/string.o
 .debug_abbrev  0x00004980      0x646 build/rings/fm_voice.o
 .debug_abbrev  0x00004fc6      0x924 build/rings/string_synth_part.o
 .debug_abbrev  0x000058ea       0xbd build/rings/units.o
 .debug_abbrev  0x000059a7       0xf5 build/rings/random.o
 .debug_abbrev  0x00005a9c      0x1fd build/rings/system_clock.o
 .debug_abbrev  0x00005c99      0x15f build/rings/system_stm32f4xx.o
 .debug_abbrev  0x00005df8      0x1cc build/rings/stm32f4xx_flash.o
 .debug_abbrev  0x00005fc4      0x156 build/rings/misc.o
 .debug_abbrev  0x0000611a      0x175 build/rings/stm32f4xx_dma.o
 .debug_abbrev  0x0000628f      0x1e7 build/rings/stm32f4xx_spi.o
 .debug_abbrev  0x00006476      0x1ef build/rings/stm32f4xx_i2c.o
 .debug_abbrev  0x00006665      0x1f8 build/rings/stm32f4xx_gpio.o
 .debug_abbrev  0x0000685d      0x250 build/rings/stm32f4xx_rcc.o
 .debug_abbrev  0x00006aad      0x1ed build/rings/stm32f4xx_usart.o
 .debug_abbrev  0x00006c9a      0x1dd build/rings/stm32f4xx_adc.o

.debug_loc      0x00000000    0x1b17a
 .debug_loc     0x00000000     0x2b13 build/rings/ui.o
 .debug_loc     0x00002b13     0x1532 build/rings/rings.o
 .debug_loc     0x00004045      0xa3f build/rings/cv_scaler.o
 .debug_loc     0x00004a84      0x6c0 build/rings/settings.o
 .debug_loc     0x00005144       0x21 build/rings/debug_port.o
 .debug_loc     0x00005165       0x58 build/rings/trigger_input.o
 .debug_loc     0x000051bd       0x63 build/rings/system.o
 .debug_loc     0x00005220       0x58 build/rings/leds.o
 .debug_loc     0x00005278       0xe8 build/rings/switches.o
 .debug_loc     0x00005360       0xab build/rings/adc.o
 .debug_loc     0x0000540b      0x7ab build/rings/codec.o
 .debug_loc     0x00005bb6      0xbed build/rings/resonator.o
 .debug_loc     0x000067a3     0x60d7 build/rings/part.o
 .debug_loc     0x0000c87a     0x26b2 build/rings/string.o
 .debug_loc     0x0000ef2c     0x1211 build/rings/fm_voice.o
 .debug_loc     0x0001013d     0x5e6f build/rings/string_synth_part.o
 .debug_loc     0x00015fac      0x153 build/rings/system_stm32f4xx.o
 .debug_loc     0x000160ff      0x98b build/rings/stm32f4xx_flash.o
 .debug_loc     0x00016a8a      0x1b5 build/rings/misc.o
 .debug_loc     0x00016c3f      0x641 build/rings/stm32f4xx_dma.o
 .debug_loc     0x00017280      0x808 build/rings/stm32f4xx_spi.o
 .debug_loc     0x00017a88      0xba0 build/rings/stm32f4xx_i2c.o
 .debug_loc     0x00018628      0x5c1 build/rings/stm32f4xx_gpio.o
 .debug_loc     0x00018be9      0xefd build/rings/stm32f4xx_rcc.o
 .debug_loc     0x00019ae6      0x9e6 build/rings/stm32f4xx_usart.o
 .debug_loc     0x0001a4cc      0xcae build/rings/stm32f4xx_adc.o

.debug_aranges  0x00000000      0xe08
 .debug_aranges
                0x00000000       0x90 build/rings/ui.o
 .debug_aranges
                0x00000090       0xc8 build/rings/rings.o
 .debug_aranges
                0x00000158       0x18 build/rings/resources.o
 .debug_aranges
                0x00000170       0x38 build/rings/cv_scaler.o
 .debug_aranges
                0x000001a8       0x28 build/rings/settings.o
 .debug_aranges
                0x000001d0       0x20 build/rings/debug_port.o
 .debug_aranges
                0x000001f0       0x28 build/rings/trigger_input.o
 .debug_aranges
                0x00000218       0x28 build/rings/system.o
 .debug_aranges
                0x00000240       0x28 build/rings/leds.o
 .debug_aranges
                0x00000268       0x28 build/rings/switches.o
 .debug_aranges
                0x00000290       0x30 build/rings/adc.o
 .debug_aranges
                0x000002c0       0x80 build/rings/codec.o
 .debug_aranges
                0x00000340       0x30 build/rings/resonator.o
 .debug_aranges
                0x00000370       0x70 build/rings/part.o
 .debug_aranges
                0x000003e0       0x38 build/rings/string.o
 .debug_aranges
                0x00000418       0x28 build/rings/fm_voice.o
 .debug_aranges
                0x00000440       0x60 build/rings/string_synth_part.o
 .debug_aranges
                0x000004a0       0x18 build/rings/units.o
 .debug_aranges
                0x000004b8       0x18 build/rings/random.o
 .debug_aranges
                0x000004d0       0x28 build/rings/system_clock.o
 .debug_aranges
                0x000004f8       0x28 build/rings/system_stm32f4xx.o
 .debug_aranges
                0x00000520      0x158 build/rings/stm32f4xx_flash.o
 .debug_aranges
                0x00000678       0x40 build/rings/misc.o
 .debug_aranges
                0x000006b8       0xb0 build/rings/stm32f4xx_dma.o
 .debug_aranges
                0x00000768       0xe0 build/rings/stm32f4xx_spi.o
 .debug_aranges
                0x00000848      0x130 build/rings/stm32f4xx_i2c.o
 .debug_aranges
                0x00000978       0x88 build/rings/stm32f4xx_gpio.o
 .debug_aranges
                0x00000a00      0x1c0 build/rings/stm32f4xx_rcc.o
 .debug_aranges
                0x00000bc0      0x100 build/rings/stm32f4xx_usart.o
 .debug_aranges
                0x00000cc0      0x148 build/rings/stm32f4xx_adc.o

.debug_ranges   0x00000000     0x7748
 .debug_ranges  0x00000000      0xa50 build/rings/ui.o
 .debug_ranges  0x00000a50      0x558 build/rings/rings.o
 .debug_ranges  0x00000fa8      0x410 build/rings/cv_scaler.o
 .debug_ranges  0x000013b8       0xd0 build/rings/settings.o
 .debug_ranges  0x00001488       0x28 build/rings/debug_port.o
 .debug_ranges  0x000014b0       0x30 build/rings/trigger_input.o
 .debug_ranges  0x000014e0       0x58 build/rings/system.o
 .debug_ranges  0x00001538       0x30 build/rings/leds.o
 .debug_ranges  0x00001568       0x60 build/rings/switches.o
 .debug_ranges  0x000015c8       0x38 build/rings/adc.o
 .debug_ranges  0x00001600      0x178 build/rings/codec.o
 .debug_ranges  0x00001778      0x4b0 build/rings/resonator.o
 .debug_ranges  0x00001c28     0x1a50 build/rings/part.o
 .debug_ranges  0x00003678      0xbb8 build/rings/string.o
 .debug_ranges  0x00004230      0x5c8 build/rings/fm_voice.o
 .debug_ranges  0x000047f8     0x26b0 build/rings/string_synth_part.o
 .debug_ranges  0x00006ea8       0x18 build/rings/system_clock.o
 .debug_ranges  0x00006ec0       0x30 build/rings/system_stm32f4xx.o
 .debug_ranges  0x00006ef0      0x148 build/rings/stm32f4xx_flash.o
 .debug_ranges  0x00007038       0x30 build/rings/misc.o
 .debug_ranges  0x00007068       0xa0 build/rings/stm32f4xx_dma.o
 .debug_ranges  0x00007108       0xd0 build/rings/stm32f4xx_spi.o
 .debug_ranges  0x000071d8      0x120 build/rings/stm32f4xx_i2c.o
 .debug_ranges  0x000072f8       0x78 build/rings/stm32f4xx_gpio.o
 .debug_ranges  0x00007370      0x1b0 build/rings/stm32f4xx_rcc.o
 .debug_ranges  0x00007520       0xf0 build/rings/stm32f4xx_usart.o
 .debug_ranges  0x00007610      0x138 build/rings/stm32f4xx_adc.o

.debug_line     0x00000000     0xb9d0
 .debug_line    0x00000000      0xe83 build/rings/ui.o
 .debug_line    0x00000e83      0xe2b build/rings/rings.o
 .debug_line    0x00001cae       0x96 build/rings/resources.o
 .debug_line    0x00001d44      0x857 build/rings/cv_scaler.o
 .debug_line    0x0000259b      0x305 build/rings/settings.o
 .debug_line    0x000028a0      0x191 build/rings/debug_port.o
 .debug_line    0x00002a31      0x191 build/rings/trigger_input.o
 .debug_line    0x00002bc2      0x17d build/rings/system.o
 .debug_line    0x00002d3f      0x173 build/rings/leds.o
 .debug_line    0x00002eb2      0x3b8 build/rings/switches.o
 .debug_line    0x0000326a      0x246 build/rings/adc.o
 .debug_line    0x000034b0      0x6b6 build/rings/codec.o
 .debug_line    0x00003b66      0x746 build/rings/resonator.o
 .debug_line    0x000042ac     0x1bcc build/rings/part.o
 .debug_line    0x00005e78      0xd42 build/rings/string.o
 .debug_line    0x00006bba      0x9cc build/rings/fm_voice.o
 .debug_line    0x00007586     0x1c47 build/rings/string_synth_part.o
 .debug_line    0x000091cd       0xa6 build/rings/units.o
 .debug_line    0x00009273       0x9e build/rings/random.o
 .debug_line    0x00009311       0xce build/rings/system_clock.o
 .debug_line    0x000093df      0x12c build/rings/system_stm32f4xx.o
 .debug_line    0x0000950b      0x4d3 build/rings/stm32f4xx_flash.o
 .debug_line    0x000099de      0x19a build/rings/misc.o
 .debug_line    0x00009b78      0x380 build/rings/stm32f4xx_dma.o
 .debug_line    0x00009ef8      0x419 build/rings/stm32f4xx_spi.o
 .debug_line    0x0000a311      0x492 build/rings/stm32f4xx_i2c.o
 .debug_line    0x0000a7a3      0x349 build/rings/stm32f4xx_gpio.o
 .debug_line    0x0000aaec      0x5a0 build/rings/stm32f4xx_rcc.o
 .debug_line    0x0000b08c      0x45d build/rings/stm32f4xx_usart.o
 .debug_line    0x0000b4e9      0x4e7 build/rings/stm32f4xx_adc.o

.debug_str      0x00000000    0x12907
 .debug_str     0x00000000     0x563c build/rings/ui.o
                               0x5ad5 (size before relaxing)
 .debug_str     0x0000563c      0xbbb build/rings/rings.o
                               0x6401 (size before relaxing)
 .debug_str     0x000061f7      0x187 build/rings/resources.o
                                0x3cf (size before relaxing)
 .debug_str     0x0000637e      0x16b build/rings/cv_scaler.o
                               0x1f1b (size before relaxing)
 .debug_str     0x000064e9      0x3ae build/rings/settings.o
                                0xb2e (size before relaxing)
 .debug_str     0x00006897       0xd9 build/rings/debug_port.o
                                0x6dc (size before relaxing)
 .debug_str     0x00006970       0x1f build/rings/trigger_input.o
                                0x602 (size before relaxing)
 .debug_str     0x0000698f      0x60b build/rings/system.o
                                0x922 (size before relaxing)
 .debug_str     0x00006f9a       0x41 build/rings/leds.o
                                0x56e (size before relaxing)
 .debug_str     0x00006fdb       0xbc build/rings/switches.o
                                0x8b5 (size before relaxing)
 .debug_str     0x00007097      0x267 build/rings/adc.o
                                0xc7b (size before relaxing)
 .debug_str     0x000072fe      0x7f0 build/rings/codec.o
                               0x1966 (size before relaxing)
 .debug_str     0x00007aee      0x340 build/rings/resonator.o
                               0x1215 (size before relaxing)
 .debug_str     0x00007e2e     0x7c29 build/rings/part.o
                               0xad3a (size before relaxing)
 .debug_str     0x0000fa57      0x265 build/rings/string.o
                               0x1abe (size before relaxing)
 .debug_str     0x0000fcbc      0x1a9 build/rings/fm_voice.o
                               0x13a9 (size before relaxing)
 .debug_str     0x0000fe65      0xa89 build/rings/string_synth_part.o
                               0xaff7 (size before relaxing)
 .debug_str     0x000108ee       0x43 build/rings/units.o
                                0x301 (size before relaxing)
 .debug_str     0x00010931       0x36 build/rings/random.o
                                0x341 (size before relaxing)
 .debug_str     0x00010967       0x63 build/rings/system_clock.o
                                0x3fe (size before relaxing)
 .debug_str     0x000109ca      0x2de build/rings/system_stm32f4xx.o
                                0x485 (size before relaxing)
 .debug_str     0x00010ca8      0x3cc build/rings/stm32f4xx_flash.o
                                0x74d (size before relaxing)
 .debug_str     0x00011074      0x166 build/rings/misc.o
                                0x492 (size before relaxing)
 .debug_str     0x000111da      0x227 build/rings/stm32f4xx_dma.o
                                0x605 (size before relaxing)
 .debug_str     0x00011401      0x306 build/rings/stm32f4xx_spi.o
                                0x796 (size before relaxing)
 .debug_str     0x00011707      0x35e build/rings/stm32f4xx_i2c.o
                                0x794 (size before relaxing)
 .debug_str     0x00011a65      0x148 build/rings/stm32f4xx_gpio.o
                                0x580 (size before relaxing)
 .debug_str     0x00011bad      0x569 build/rings/stm32f4xx_rcc.o
                                0xa7b (size before relaxing)
 .debug_str     0x00012116      0x392 build/rings/stm32f4xx_usart.o
                                0x788 (size before relaxing)
 .debug_str     0x000124a8      0x45f build/rings/stm32f4xx_adc.o
                                0x8d4 (size before relaxing)

.debug_frame    0x00000000     0x1f50
 .debug_frame   0x00000000      0x150 build/rings/ui.o
 .debug_frame   0x00000150      0x1c4 build/rings/rings.o
 .debug_frame   0x00000314       0x94 build/rings/cv_scaler.o
 .debug_frame   0x000003a8       0x5c build/rings/settings.o
 .debug_frame   0x00000404       0x30 build/rings/debug_port.o
 .debug_frame   0x00000434       0x44 build/rings/trigger_input.o
 .debug_frame   0x00000478       0x38 build/rings/system.o
 .debug_frame   0x000004b0       0x48 build/rings/leds.o
 .debug_frame   0x000004f8       0x4c build/rings/switches.o
 .debug_frame   0x00000544       0x70 build/rings/adc.o
 .debug_frame   0x000005b4      0x18c build/rings/codec.o
 .debug_frame   0x00000740       0x78 build/rings/resonator.o
 .debug_frame   0x000007b8      0x1b4 build/rings/part.o
 .debug_frame   0x0000096c       0xc8 build/rings/string.o
 .debug_frame   0x00000a34       0x68 build/rings/fm_voice.o
 .debug_frame   0x00000a9c      0x15c build/rings/string_synth_part.o
 .debug_frame   0x00000bf8       0x30 build/rings/system_clock.o
 .debug_frame   0x00000c28       0x34 build/rings/system_stm32f4xx.o
 .debug_frame   0x00000c5c      0x340 build/rings/stm32f4xx_flash.o
 .debug_frame   0x00000f9c       0x6c build/rings/misc.o
 .debug_frame   0x00001008      0x180 build/rings/stm32f4xx_dma.o
 .debug_frame   0x00001188      0x1dc build/rings/stm32f4xx_spi.o
 .debug_frame   0x00001364      0x268 build/rings/stm32f4xx_i2c.o
 .debug_frame   0x000015cc      0x118 build/rings/stm32f4xx_gpio.o
 .debug_frame   0x000016e4      0x37c build/rings/stm32f4xx_rcc.o
 .debug_frame   0x00001a60      0x210 build/rings/stm32f4xx_usart.o
 .debug_frame   0x00001c70      0x2b4 build/rings/stm32f4xx_adc.o
 .debug_frame   0x00001f24       0x2c /usr/local/arm-4.8.3/bin/../lib/gcc/arm-none-eabi/4.8.3/../../../../arm-none-eabi/lib/armv7e-m/fpu/libc.a(lib_a-memmove.o)
